<html>
<body>
<pre>
<h1>µVision Build Log</h1>
<h2>Tool Versions:</h2>
IDE-Version: ¦ÌVision V5.28.0.0
Copyright (C) 2019 ARM Ltd and ARM Germany GmbH. All rights reserved.
License Information: qe C, qwe, LIC=DSNRA-154X1-ZDTK6-DFA2Z-8PH1Q-F4Z0F
 
Tool Versions:
Toolchain:       MDK-ARM Professional  Version: 5.28.0.0
Toolchain Path:  D:\mdk5\ARM\ARMCLANG\Bin
C Compiler:      ArmClang.exe V6.12
Assembler:       Armasm.exe V6.12
Linker/Locator:  ArmLink.exe V6.12
Library Manager: ArmAr.exe V6.12
Hex Converter:   FromElf.exe V6.12
CPU DLL:         SARMCM3.DLL V5.28.0.0
Dialog DLL:      DCM.DLL V1.17.3.0
Target DLL:      CMSIS_AGDI.dll V1.31.18.0
Dialog DLL:      TCM.DLL V1.36.2.0
 
<h2>Project:</h2>
C:\Users\C\Desktop\AI_for_new_usrs\ai car\pro_backup_8\MDK\RT106X.uvprojx
Project File Date:  08/10/2020

<h2>Output:</h2>
*** Using Compiler 'V6.12', folder: 'D:\mdk5\ARM\ARMCLANG\Bin'
Build target 'nor_sdram_zf_dtcm_v6'
compiling model.nncu.c...
linking...
Program Size: Code=121056 RO-data=49172 RW-data=180 ZI-data=106900  
".\Objects\RT106X.axf" - 0 Error(s), 0 Warning(s).

<h2>Software Packages used:</h2>

Package Vendor: NXP
                http://mcuxpresso.nxp.com/cmsis_pack/repo/NXP.MIMXRT1064_DFP.12.1.0.pack
                NXP.MIMXRT1064_DFP.12.1.0
                Device Family Pack for MIMXRT1064

<h2>Collection of Component include folders:</h2>
  .\RTE\_nor_sdram_zf_dtcm_v6
  D:\mdk5\ARM\PACK\NXP\MIMXRT1064_DFP\12.1.0

<h2>Collection of Component Files used:</h2>
Build Time Elapsed:  00:00:04
</pre>
</body>
</html>
